dash-static
coreutils
glibc
libgcc1
libgmp10
libstdc++6
libgmpxx4
libppl9
libpwl5
libuuid1
libppl_c4
libtermcap2
bash
libblkid1
libcloog1
libext2fs2
e2fsprogs
libbzip2_1
liblzma5
uClibc
zlib1
libdevmapper1.02
perl-base
kpartx
update-alternatives
nash
perl
libpcre0
info-install
libattr1
grep
tar
xz
kmod
libaudit1
libacl1
libcap2
libcrack2
libmagic1
libpam0
coreutils
libncurses5
libpam_userpass1
gzip
file
run-parts
ncurses
libncursesw5
less
libglib2.0_0
popt-data
libexpat1
findutils
glib2.0-common
libpopt0
chkconfig
pkgconfig
rpm-helper
setup
libdbus-1_3
libtcb0
systemd-units
nss_tcb
pam_tcb
dbus
tcb
shadow-utils
libusb1.0_0
libsigsegv2
pam
libmount1
cracklib-dicts
ldetect-lst
libusb-compat0.1_4
diffutils
filesystem
gawk
rmt
cpio
libreadline6
libwrap0
util-linux
udev
libopenssl1.0.0
libsqlite3_0
libgpg-error-common
libpython2.7
libgpg-error0
libpth20
python
libopenssl-engines1.0.0
libgcrypt11
libdevmapper-event1.02
ethtool
dmsetup
psmisc
ifmetric
sysvinit-tools
libdaemon0
which
sed
ifplugd
mingetty
procps
resolvconf
net-tools
libintl8
libidn11
perl-File-Sync
iputils
gettext-base
kbd
iproute2
systemd
perl-MDK-Common
libpciaccess0
libdrm2
libdrm-common
systemd-sysvinit
initscripts
mkinitrd
libpng3
libplymouth2
libxdmcp6
libdrm_intel1
libdrm_radeon1
perl-XML-Parser
hicolor-icon-theme
xdg-user-dirs
libfontenc1
libxau6
libfreetype6
libxcb1
mkfontscale
libx11_6
xprop
libxext6
mkfontdir
libice6
x11-font-daewoo-misc
x11-font-jis-misc
x11-font-isas-misc
libsm6
libxt6
libxmu6
plymouth-scripts
libdrm_nouveau1
perl-Locale-gettext
desktop-file-utils
menu-messages
xset
xdg-utils
desktop-common-data
plymouth
openldap
libsasl2
krb5
libssh2_1
libldap2.4_2
rootcerts
libxml2_2
libcurl4
libgomp1
libkeyutils1
liblua5.1
perl-WWW-Curl
openssl
libneon0.27
libsyck0
augeas-lenses
libbeecrypt7
libcpuinfo1
rpm-manbo-setup
rpm-mandriva-setup
libaugeas0
rpm
perl-Time-ZoneInfo
perl-XML-NamespaceSupport
perl-XML-SAX
perl-XML-LibXML
libuser
libuser1
libfontconfig1
libxrender1
libpixman1_0
fontconfig
libcairo2
pango
mandriva-theme-common
libxft2
libpango1.0_0
libdatrie1
thai-data
perl-Archive-Cpio
plymouth-plugin-label
libthai0
libpango1.0_0-modules
plymouth-plugin-script
libsysfs2
perl-String-ShellQuote
perl-File-FnMatch
dmidecode
usermode-consoleonly
sysfsutils
kernel-firmware
perl-XML-Simple
perl-Term-ReadKey
perl-Text-DelimMatch
eject
perl-MDV-Packdrakeng
perl-Curses
perl-Libconf
perl-Curses-UI
perl-URPM
perl-Config-IniFiles
gnupg
perl-Filesys-Df
genhdlist2
curl
perl-MDV-Distribconf
urpmi
meta-task
libpci3
libx86_1
common-licenses
monitor-edid
drakx-kbd-mouse-x11
drakxtools-backend
drakxtools-curses
bootloader-utils
locales
bootsplash
mandriva-theme-Rosa
binutils
plymouth-system-theme
locales-en
libmpfr4
kernel-headers
dracut
dash
libmpc2
glibc-devel
bzip2
bridge-utils
libselinux1
gcc-cpp
rosa-release-common
rosa-release-Free
squashfs-tools
acpi
gcc
python-selinux
dosfstools
python-rpm
termcap
etcskel
passwd
make
timezone
rootfiles
crontabs
libutempter0
time
makedev
sash
cronie
logrotate
rsyslog
libdbus-glib-1_2
grub2
grub-efi
utempter
basesystem-minimal
vim-minimal
locales-ru
parted
python-dbus
dhcp-common
dhcp-client
isomd5sum
sudo
python-curl
hdparm
perl-Digest-SHA1
libncurses-devel
pykickstart
perl-Crypt-PasswdMD5
python-urlgrabber
cdrkit-genisoimage
python-imgcreate
syslinux
basesystem
kernel-nrj-desktop
kernel-nrj-desktop-latest
acpid
rosa-gfxboot-theme
isomd5sum
urpmi